// Jest Snapshot v1, https://goo.gl/fbAQLP

exports[`renders homepage unchanged 1`] = `
<div>
  <main
    class="flex min-h-screen flex-col items-center pb-20"
  >
    <div
      class="bg-orange-300 w-full h-44 p-4 flex flex-col items-center border-b-2 border-b-neutral-950 rounded-b-xl"
    >
      <h1
        class="text-lg font-semibold"
      >
        Welcome to Your Recipe App
      </h1>
    </div>
    <div
      class="p-4 w-full flex flex-col items-center"
    >
      <h2
        class="text-xl font-semibold mb-4"
      >
        Recommended Meals for Today
      </h2>
      <div
        class="flex flex-wrap justify-center"
      />
    </div>
  </main>
</div>
`;
